PID	PPID	SIZE	Number of Context Switch
1	0	12288	38
2	1	16384	23
3	2	12288	9

